src/components/SkillGraph.tsx(70,13): error TS2322: Type '(value: number) => [string, "Mastery"]' is not assignable to type 'Formatter<number, "Mastery"> & ((value: number, name: "Mastery", item: Payload<number, "Mastery">, index: number, payload: Payload<number, "Mastery">[]) => ReactNode | [...])'.
  Type '(value: number) => [string, "Mastery"]' is not assignable to type 'Formatter<number, "Mastery">'.
    Types of parameters 'value' and 'value' are incompatible.
      Type 'number | undefined' is not assignable to type 'number'.
        Type 'undefined' is not assignable to type 'number'.
